// Jest Snapshot v1, https://goo.gl/fbAQLP

exports[`fetchDevelopers() should match snapshot 1`] = `
Array [
  Object {
    "avatar": "https://avatars3.githubusercontent.com/u/2117018",
    "name": "ÊñáÁøº",
    "repo": Object {
      "description": "An extended table to integration with some of the most widely used CSS frameworks. (Supports Bootstrap, Semantic UI, Bulma, Material Design, Foundation, Vue.js)",
      "name": "bootstrap-table",
      "url": "https://github.com/wenzhixin/bootstrap-table",
    },
    "type": "user",
    "url": "https://github.com/wenzhixin",
    "username": "wenzhixin",
  },
  Object {
    "avatar": "https://avatars0.githubusercontent.com/u/349621",
    "name": "XhmikosR",
    "repo": Object {
      "description": "LOOKING FOR DEVELOPERS - Notepad2-mod, a Notepad2 fork, a fast and light-weight Notepad-like text editor with syntax highlighting",
      "name": "notepad2-mod",
      "url": "https://github.com/XhmikosR/notepad2-mod",
    },
    "type": "user",
    "url": "https://github.com/XhmikosR",
    "username": "XhmikosR",
  },
  Object {
    "avatar": "https://avatars2.githubusercontent.com/u/2393781",
    "name": "Yonas Kolb",
    "repo": Object {
      "description": "A Swift command line tool for generating your Xcode project",
      "name": "XcodeGen",
      "url": "https://github.com/yonaskolb/XcodeGen",
    },
    "type": "user",
    "url": "https://github.com/yonaskolb",
    "username": "yonaskolb",
  },
  Object {
    "avatar": "https://avatars1.githubusercontent.com/u/183747",
    "name": "Radek Pietruszewski",
    "repo": Object {
      "description": "Swifty API for NSTimer",
      "name": "SwiftyTimer",
      "url": "https://github.com/radex/SwiftyTimer",
    },
    "type": "user",
    "url": "https://github.com/radex",
    "username": "radex",
  },
  Object {
    "avatar": "https://avatars3.githubusercontent.com/u/125676",
    "name": "Lipis",
    "repo": Object {
      "description": "üéè A collection of all country flags in SVG ‚Äî plus the CSS for easier integration",
      "name": "flag-icon-css",
      "url": "https://github.com/lipis/flag-icon-css",
    },
    "type": "user",
    "url": "https://github.com/lipis",
    "username": "lipis",
  },
  Object {
    "avatar": "https://avatars1.githubusercontent.com/u/1051509",
    "name": "Sara Vieira",
    "repo": Object {
      "description": "Create beautiful and simple HTML pages from your Readme.md files",
      "name": "fiddly",
      "url": "https://github.com/SaraVieira/fiddly",
    },
    "type": "user",
    "url": "https://github.com/SaraVieira",
    "username": "SaraVieira",
  },
  Object {
    "avatar": "https://avatars1.githubusercontent.com/u/1862641",
    "name": "Shay Rojansky",
    "repo": Object {
      "description": "Uses Roslyn to rewrite synchronous C# methods into async counterparts",
      "name": "AsyncRewriter",
      "url": "https://github.com/roji/AsyncRewriter",
    },
    "type": "user",
    "url": "https://github.com/roji",
    "username": "roji",
  },
  Object {
    "avatar": "https://avatars0.githubusercontent.com/u/264608",
    "name": "Alena Varkockova",
    "repo": Object {
      "description": "Gradle plugin for scalafmt",
      "name": "gradle-scalafmt",
      "url": "https://github.com/alenkacz/gradle-scalafmt",
    },
    "type": "user",
    "url": "https://github.com/alenkacz",
    "username": "alenkacz",
  },
  Object {
    "avatar": "https://avatars1.githubusercontent.com/u/661450",
    "name": "Arvid Norberg",
    "repo": Object {
      "description": "an efficient feature complete C++ bittorrent implementation",
      "name": "libtorrent",
      "url": "https://github.com/arvidn/libtorrent",
    },
    "type": "user",
    "url": "https://github.com/arvidn",
    "username": "arvidn",
  },
  Object {
    "avatar": "https://avatars3.githubusercontent.com/u/32407840",
    "name": "Joel Sallow (/u/ta11ow)",
    "repo": Object {
      "description": "A simple, fun, and interactive way to learn the PowerShell language through Pester unit testing.",
      "name": "PSKoans",
      "url": "https://github.com/vexx32/PSKoans",
    },
    "type": "user",
    "url": "https://github.com/vexx32",
    "username": "vexx32",
  },
  Object {
    "avatar": "https://avatars0.githubusercontent.com/u/36162",
    "name": "Martin Linkhorst",
    "repo": Object {
      "description": "chaoskube periodically kills random pods in your Kubernetes cluster.",
      "name": "chaoskube",
      "url": "https://github.com/linki/chaoskube",
    },
    "type": "user",
    "url": "https://github.com/linki",
    "username": "linki",
  },
  Object {
    "avatar": "https://avatars0.githubusercontent.com/u/3465117",
    "name": "James Agnew",
    "repo": Object {
      "description": "HAPI FHIR - Java API for HL7 FHIR Clients and Servers",
      "name": "hapi-fhir",
      "url": "https://github.com/jamesagnew/hapi-fhir",
    },
    "type": "user",
    "url": "https://github.com/jamesagnew",
    "username": "jamesagnew",
  },
  Object {
    "avatar": "https://avatars1.githubusercontent.com/u/4269898",
    "name": "Yuan Tang",
    "repo": Object {
      "description": "Ê∫êÁ†ÅÂÆûÁé∞Ôºö„ÄäTensorFlowÂÆûÊàò„ÄãÈªÑÊñáÂùöÔºåÂîêÊ∫ê Ëëó",
      "name": "tensorflow-in-practice-code",
      "url": "https://github.com/terrytangyuan/tensorflow-in-practice-code",
    },
    "type": "user",
    "url": "https://github.com/terrytangyuan",
    "username": "terrytangyuan",
  },
  Object {
    "avatar": "https://avatars3.githubusercontent.com/u/469983",
    "name": "Bj√∂rn Gr√ºning",
    "repo": Object {
      "description": "üê≥üìäüìö Docker Images tracking the stable Galaxy releases.",
      "name": "docker-galaxy-stable",
      "url": "https://github.com/bgruening/docker-galaxy-stable",
    },
    "type": "user",
    "url": "https://github.com/bgruening",
    "username": "bgruening",
  },
  Object {
    "avatar": "https://avatars2.githubusercontent.com/u/284934",
    "name": "Michiel Borkent",
    "repo": Object {
      "description": "A linter for Clojure code that sparks joy.",
      "name": "clj-kondo",
      "url": "https://github.com/borkdude/clj-kondo",
    },
    "type": "user",
    "url": "https://github.com/borkdude",
    "username": "borkdude",
  },
  Object {
    "avatar": "https://avatars0.githubusercontent.com/u/862914",
    "name": "Jeremy Long",
    "repo": Object {
      "description": "OWASP dependency-check is a software composition analysis utility that detects publicly disclosed vulnerabilities in application dependencies.",
      "name": "DependencyCheck",
      "url": "https://github.com/jeremylong/DependencyCheck",
    },
    "type": "user",
    "url": "https://github.com/jeremylong",
    "username": "jeremylong",
  },
  Object {
    "avatar": "https://avatars3.githubusercontent.com/u/1676321",
    "name": "James Montemagno",
    "repo": Object {
      "description": "Cross platform xamarin and windows plugins for PCLs",
      "name": "Xamarin.Plugins",
      "url": "https://github.com/jamesmontemagno/Xamarin.Plugins",
    },
    "type": "user",
    "url": "https://github.com/jamesmontemagno",
    "username": "jamesmontemagno",
  },
  Object {
    "avatar": "https://avatars3.githubusercontent.com/u/22450188",
    "name": "atomiks",
    "repo": Object {
      "description": "Highly customizable tooltip and popover library",
      "name": "tippyjs",
      "url": "https://github.com/atomiks/tippyjs",
    },
    "type": "user",
    "url": "https://github.com/atomiks",
    "username": "atomiks",
  },
  Object {
    "avatar": "https://avatars0.githubusercontent.com/u/1101362",
    "name": "Steve Sanderson",
    "repo": Object {
      "description": "",
      "name": "BlazorElectronExperiment.Sample",
      "url": "https://github.com/SteveSandersonMS/BlazorElectronExperiment.Sample",
    },
    "type": "user",
    "url": "https://github.com/SteveSandersonMS",
    "username": "SteveSandersonMS",
  },
  Object {
    "avatar": "https://avatars1.githubusercontent.com/u/287584",
    "name": "Radek Simko",
    "repo": Object {
      "description": "Vagrant setup for Mac OS X",
      "name": "vagrant-osx",
      "url": "https://github.com/radeksimko/vagrant-osx",
    },
    "type": "user",
    "url": "https://github.com/radeksimko",
    "username": "radeksimko",
  },
  Object {
    "avatar": "https://avatars3.githubusercontent.com/u/1324225",
    "name": "Hugo van Kemenade",
    "repo": Object {
      "description": "50,000 Meows: Replace all words with meows, preserving punctuation. For NaNoGenMo 2014.",
      "name": "meow.py",
      "url": "https://github.com/hugovk/meow.py",
    },
    "type": "user",
    "url": "https://github.com/hugovk",
    "username": "hugovk",
  },
  Object {
    "avatar": "https://avatars2.githubusercontent.com/u/2247982",
    "name": "Adam Scarr",
    "repo": Object {
      "description": "Intelij IDEA plugin for displaying a code mini-map similar to the one found in Sublime",
      "name": "CodeGlance",
      "url": "https://github.com/vektah/CodeGlance",
    },
    "type": "user",
    "url": "https://github.com/vektah",
    "username": "vektah",
  },
  Object {
    "avatar": "https://avatars1.githubusercontent.com/u/5215395",
    "name": "Rimas Mocevicius",
    "repo": Object {
      "description": "Helm v2 Tiller plugin aka Tillerless Helm",
      "name": "helm-tiller",
      "url": "https://github.com/rimusz/helm-tiller",
    },
    "type": "user",
    "url": "https://github.com/rimusz",
    "username": "rimusz",
  },
  Object {
    "avatar": "https://avatars1.githubusercontent.com/u/290976",
    "name": "Vladimir Mihailenco",
    "repo": Object {
      "description": "msgpack.org[Go] MessagePack encoding for Golang",
      "name": "msgpack",
      "url": "https://github.com/vmihailenco/msgpack",
    },
    "type": "user",
    "url": "https://github.com/vmihailenco",
    "username": "vmihailenco",
  },
  Object {
    "avatar": "https://avatars0.githubusercontent.com/u/17530",
    "name": "Asim Aslam",
    "repo": Object {
      "description": "Deprecated: See examples/kubernetes",
      "name": "kubernetes",
      "url": "https://github.com/asim/kubernetes",
    },
    "type": "user",
    "url": "https://github.com/asim",
    "username": "asim",
  },
]
`;

exports[`fetchRepositories() should match snapshot 1`] = `
Array [
  Object {
    "author": "ageron",
    "avatar": "https://github.com/ageron.png",
    "builtBy": Array [
      Object {
        "avatar": "https://avatars1.githubusercontent.com/u/76661",
        "href": "https://github.com/ageron",
        "username": "ageron",
      },
      Object {
        "avatar": "https://avatars0.githubusercontent.com/u/1266287",
        "href": "https://github.com/ziembla",
        "username": "ziembla",
      },
      Object {
        "avatar": "https://avatars3.githubusercontent.com/u/18256853",
        "href": "https://github.com/rickiepark",
        "username": "rickiepark",
      },
      Object {
        "avatar": "https://avatars2.githubusercontent.com/u/30173915",
        "href": "https://github.com/ChrisQlasty",
        "username": "ChrisQlasty",
      },
      Object {
        "avatar": "https://avatars3.githubusercontent.com/u/11163850",
        "href": "https://github.com/nbgraham",
        "username": "nbgraham",
      },
    ],
    "currentPeriodStars": 129,
    "description": "A series of Jupyter notebooks that walk you through the fundamentals of Machine Learning and Deep Learning in Python using Scikit-Learn, Keras and TensorFlow 2.",
    "forks": 908,
    "language": "Jupyter Notebook",
    "languageColor": "#DA5B0B",
    "name": "handson-ml2",
    "stars": 2579,
    "url": "https://github.com/ageron/handson-ml2",
  },
  Object {
    "author": "iptv-org",
    "avatar": "https://github.com/iptv-org.png",
    "builtBy": Array [
      Object {
        "avatar": "https://avatars2.githubusercontent.com/u/7253922",
        "href": "https://github.com/freearhey",
        "username": "freearhey",
      },
      Object {
        "avatar": "https://avatars1.githubusercontent.com/u/25525836",
        "href": "https://github.com/boomski",
        "username": "boomski",
      },
      Object {
        "avatar": "https://avatars2.githubusercontent.com/u/40618074",
        "href": "https://github.com/desiflex",
        "username": "desiflex",
      },
      Object {
        "avatar": "https://avatars2.githubusercontent.com/u/39553133",
        "href": "https://github.com/ixgoh",
        "username": "ixgoh",
      },
      Object {
        "avatar": "https://avatars2.githubusercontent.com/u/55326804",
        "href": "https://github.com/MsVibe",
        "username": "MsVibe",
      },
    ],
    "currentPeriodStars": 347,
    "description": "Collection of 8000+ publicly available IPTV channels from all over the world",
    "forks": 379,
    "language": "JavaScript",
    "languageColor": "#f1e05a",
    "name": "iptv",
    "stars": 1948,
    "url": "https://github.com/iptv-org/iptv",
  },
  Object {
    "author": "xamarin",
    "avatar": "https://github.com/xamarin.png",
    "builtBy": Array [
      Object {
        "avatar": "https://avatars1.githubusercontent.com/u/313003",
        "href": "https://github.com/StephaneDelcroix",
        "username": "StephaneDelcroix",
      },
      Object {
        "avatar": "https://avatars0.githubusercontent.com/u/1235097",
        "href": "https://github.com/rmarinho",
        "username": "rmarinho",
      },
      Object {
        "avatar": "https://avatars3.githubusercontent.com/u/538025",
        "href": "https://github.com/hartez",
        "username": "hartez",
      },
      Object {
        "avatar": "https://avatars3.githubusercontent.com/u/5375137",
        "href": "https://github.com/PureWeen",
        "username": "PureWeen",
      },
      Object {
        "avatar": "https://avatars0.githubusercontent.com/u/7827070",
        "href": "https://github.com/samhouts",
        "username": "samhouts",
      },
    ],
    "currentPeriodStars": 7,
    "description": "Xamarin.Forms Official Home",
    "forks": 1478,
    "language": "C#",
    "languageColor": "#178600",
    "name": "Xamarin.Forms",
    "stars": 3751,
    "url": "https://github.com/xamarin/Xamarin.Forms",
  },
  Object {
    "author": "getify",
    "avatar": "https://github.com/getify.png",
    "builtBy": Array [
      Object {
        "avatar": "https://avatars3.githubusercontent.com/u/150330",
        "href": "https://github.com/getify",
        "username": "getify",
      },
      Object {
        "avatar": "https://avatars3.githubusercontent.com/u/3682072",
        "href": "https://github.com/machineloop",
        "username": "machineloop",
      },
      Object {
        "avatar": "https://avatars2.githubusercontent.com/u/5736113",
        "href": "https://github.com/pdawyndt",
        "username": "pdawyndt",
      },
      Object {
        "avatar": "https://avatars2.githubusercontent.com/u/8932386",
        "href": "https://github.com/4thana",
        "username": "4thana",
      },
      Object {
        "avatar": "https://avatars3.githubusercontent.com/u/1768718",
        "href": "https://github.com/zackgao",
        "username": "zackgao",
      },
    ],
    "currentPeriodStars": 47,
    "description": "A book series on JavaScript. @YDKJS on twitter.",
    "forks": 21761,
    "name": "You-Dont-Know-JS",
    "stars": 108966,
    "url": "https://github.com/getify/You-Dont-Know-JS",
  },
  Object {
    "author": "MunGell",
    "avatar": "https://github.com/MunGell.png",
    "builtBy": Array [
      Object {
        "avatar": "https://avatars0.githubusercontent.com/u/812976",
        "href": "https://github.com/MunGell",
        "username": "MunGell",
      },
      Object {
        "avatar": "https://avatars1.githubusercontent.com/u/12628112",
        "href": "https://github.com/JefMari",
        "username": "JefMari",
      },
      Object {
        "avatar": "https://avatars1.githubusercontent.com/u/12799326",
        "href": "https://github.com/abhi18av",
        "username": "abhi18av",
      },
      Object {
        "avatar": "https://avatars2.githubusercontent.com/u/23789",
        "href": "https://github.com/nedbat",
        "username": "nedbat",
      },
      Object {
        "avatar": "https://avatars1.githubusercontent.com/u/48335493",
        "href": "https://github.com/CodeTheory",
        "username": "CodeTheory",
      },
    ],
    "currentPeriodStars": 56,
    "description": "A list of awesome beginners-friendly projects.",
    "forks": 1960,
    "name": "awesome-for-beginners",
    "stars": 13093,
    "url": "https://github.com/MunGell/awesome-for-beginners",
  },
  Object {
    "author": "ansible",
    "avatar": "https://github.com/ansible.png",
    "builtBy": Array [
      Object {
        "avatar": "https://avatars0.githubusercontent.com/u/17700",
        "href": "https://github.com/mpdehaan",
        "username": "mpdehaan",
      },
      Object {
        "avatar": "https://avatars0.githubusercontent.com/u/836171",
        "href": "https://github.com/bcoca",
        "username": "bcoca",
      },
      Object {
        "avatar": "https://avatars1.githubusercontent.com/u/26403",
        "href": "https://github.com/jimi-c",
        "username": "jimi-c",
      },
      Object {
        "avatar": "https://avatars2.githubusercontent.com/u/209242",
        "href": "https://github.com/abadger",
        "username": "abadger",
      },
      Object {
        "avatar": "https://avatars2.githubusercontent.com/u/806360",
        "href": "https://github.com/mattclay",
        "username": "mattclay",
      },
    ],
    "currentPeriodStars": 21,
    "description": "Ansible is a radically simple IT automation platform that makes your applications and systems easier to deploy. Avoid writing scripts or custom code to deploy and update your applications ‚Äî automate in a language that approaches plain English, using SSH, with no agents to install on remote systems. https://docs.ansible.com/ansible/",
    "forks": 16909,
    "language": "Python",
    "languageColor": "#3572A5",
    "name": "ansible",
    "stars": 39568,
    "url": "https://github.com/ansible/ansible",
  },
  Object {
    "author": "svip-lab",
    "avatar": "https://github.com/svip-lab.png",
    "builtBy": Array [
      Object {
        "avatar": "https://avatars3.githubusercontent.com/u/22798411",
        "href": "https://github.com/StevenLiuWen",
        "username": "StevenLiuWen",
      },
      Object {
        "avatar": "https://avatars3.githubusercontent.com/u/9268675",
        "href": "https://github.com/piaozhx",
        "username": "piaozhx",
      },
      Object {
        "avatar": "https://avatars2.githubusercontent.com/u/6818285",
        "href": "https://github.com/ak9250",
        "username": "ak9250",
      },
    ],
    "currentPeriodStars": 127,
    "description": "PyTorch implementation of our ICCV 2019 paper: Liquid Warping GAN: A Unified Framework for Human Motion Imitation, Appearance Transfer and Novel View Synthesis",
    "forks": 109,
    "language": "Python",
    "languageColor": "#3572A5",
    "name": "impersonator",
    "stars": 650,
    "url": "https://github.com/svip-lab/impersonator",
  },
  Object {
    "author": "geekcomputers",
    "avatar": "https://github.com/geekcomputers.png",
    "builtBy": Array [
      Object {
        "avatar": "https://avatars3.githubusercontent.com/u/1170130",
        "href": "https://github.com/geekcomputers",
        "username": "geekcomputers",
      },
      Object {
        "avatar": "https://avatars2.githubusercontent.com/u/18247709",
        "href": "https://github.com/Mosrod",
        "username": "Mosrod",
      },
      Object {
        "avatar": "https://avatars0.githubusercontent.com/u/23243382",
        "href": "https://github.com/christianbender",
        "username": "christianbender",
      },
      Object {
        "avatar": "https://avatars0.githubusercontent.com/u/11265024",
        "href": "https://github.com/anuragkumarak95",
        "username": "anuragkumarak95",
      },
      Object {
        "avatar": "https://avatars3.githubusercontent.com/u/3709715",
        "href": "https://github.com/cclauss",
        "username": "cclauss",
      },
    ],
    "currentPeriodStars": 144,
    "description": "My Python Examples",
    "forks": 7143,
    "language": "Python",
    "languageColor": "#3572A5",
    "name": "Python",
    "stars": 13790,
    "url": "https://github.com/geekcomputers/Python",
  },
  Object {
    "author": "metabase",
    "avatar": "https://github.com/metabase.png",
    "builtBy": Array [
      Object {
        "avatar": "https://avatars3.githubusercontent.com/u/18193",
        "href": "https://github.com/tlrobinson",
        "username": "tlrobinson",
      },
      Object {
        "avatar": "https://avatars3.githubusercontent.com/u/1455846",
        "href": "https://github.com/camsaul",
        "username": "camsaul",
      },
      Object {
        "avatar": "https://avatars3.githubusercontent.com/u/1987787",
        "href": "https://github.com/agilliland",
        "username": "agilliland",
      },
      Object {
        "avatar": "https://avatars1.githubusercontent.com/u/5248953",
        "href": "https://github.com/kdoh",
        "username": "kdoh",
      },
      Object {
        "avatar": "https://avatars3.githubusercontent.com/u/107439",
        "href": "https://github.com/salsakran",
        "username": "salsakran",
      },
    ],
    "currentPeriodStars": 16,
    "description": "The simplest, fastest way to get business intelligence and analytics to everyone in your company üòã",
    "forks": 2262,
    "language": "Clojure",
    "languageColor": "#db5855",
    "name": "metabase",
    "stars": 16996,
    "url": "https://github.com/metabase/metabase",
  },
  Object {
    "author": "elastic",
    "avatar": "https://github.com/elastic.png",
    "builtBy": Array [
      Object {
        "avatar": "https://avatars2.githubusercontent.com/u/245275",
        "href": "https://github.com/Mpdreamz",
        "username": "Mpdreamz",
      },
      Object {
        "avatar": "https://avatars1.githubusercontent.com/u/1594777",
        "href": "https://github.com/gmarz",
        "username": "gmarz",
      },
      Object {
        "avatar": "https://avatars3.githubusercontent.com/u/208231",
        "href": "https://github.com/russcam",
        "username": "russcam",
      },
      Object {
        "avatar": "https://avatars1.githubusercontent.com/u/148974",
        "href": "https://github.com/codebrain",
        "username": "codebrain",
      },
      Object {
        "avatar": "https://avatars0.githubusercontent.com/u/357589",
        "href": "https://github.com/Tasteful",
        "username": "Tasteful",
      },
    ],
    "currentPeriodStars": 2,
    "description": "Elasticsearch.Net & NEST",
    "forks": 925,
    "language": "C#",
    "languageColor": "#178600",
    "name": "elasticsearch-net",
    "stars": 2476,
    "url": "https://github.com/elastic/elasticsearch-net",
  },
  Object {
    "author": "axi0mX",
    "avatar": "https://github.com/axi0mX.png",
    "builtBy": Array [
      Object {
        "avatar": "https://avatars2.githubusercontent.com/u/15119213",
        "href": "https://github.com/axi0mX",
        "username": "axi0mX",
      },
      Object {
        "avatar": "https://avatars0.githubusercontent.com/u/1402918",
        "href": "https://github.com/128keaton",
        "username": "128keaton",
      },
    ],
    "currentPeriodStars": 407,
    "description": "open-source jailbreaking tool for many iOS devices",
    "forks": 966,
    "language": "Python",
    "languageColor": "#3572A5",
    "name": "ipwndfu",
    "stars": 4213,
    "url": "https://github.com/axi0mX/ipwndfu",
  },
  Object {
    "author": "Anuken",
    "avatar": "https://github.com/Anuken.png",
    "builtBy": Array [
      Object {
        "avatar": "https://avatars2.githubusercontent.com/u/10100000",
        "href": "https://github.com/Anuken",
        "username": "Anuken",
      },
      Object {
        "avatar": "https://avatars2.githubusercontent.com/u/31485341",
        "href": "https://github.com/Prosta4okua",
        "username": "Prosta4okua",
      },
      Object {
        "avatar": "https://avatars2.githubusercontent.com/u/13979831",
        "href": "https://github.com/beito123",
        "username": "beito123",
      },
      Object {
        "avatar": "https://avatars3.githubusercontent.com/u/2945013",
        "href": "https://github.com/Epowerj",
        "username": "Epowerj",
      },
      Object {
        "avatar": "https://avatars0.githubusercontent.com/u/44261958",
        "href": "https://github.com/Kieaer",
        "username": "Kieaer",
      },
    ],
    "currentPeriodStars": 79,
    "description": "A sandbox tower defense game",
    "forks": 349,
    "language": "Java",
    "languageColor": "#b07219",
    "name": "Mindustry",
    "stars": 1088,
    "url": "https://github.com/Anuken/Mindustry",
  },
  Object {
    "author": "mm0r1",
    "avatar": "https://github.com/mm0r1.png",
    "builtBy": Array [
      Object {
        "avatar": "https://avatars3.githubusercontent.com/u/12255404",
        "href": "https://github.com/mm0r1",
        "username": "mm0r1",
      },
    ],
    "currentPeriodStars": 41,
    "description": "Pwn stuff.",
    "forks": 39,
    "language": "PHP",
    "languageColor": "#4F5D95",
    "name": "exploits",
    "stars": 195,
    "url": "https://github.com/mm0r1/exploits",
  },
  Object {
    "author": "thestr4ng3r",
    "avatar": "https://github.com/thestr4ng3r.png",
    "builtBy": Array [
      Object {
        "avatar": "https://avatars1.githubusercontent.com/u/1460997",
        "href": "https://github.com/thestr4ng3r",
        "username": "thestr4ng3r",
      },
      Object {
        "avatar": "https://avatars2.githubusercontent.com/u/19175445",
        "href": "https://github.com/DSchndr",
        "username": "DSchndr",
      },
      Object {
        "avatar": "https://avatars1.githubusercontent.com/u/2981774",
        "href": "https://github.com/G-Ray",
        "username": "G-Ray",
      },
    ],
    "currentPeriodStars": 80,
    "description": "Free and Open Source PS4 Remote Play Client",
    "forks": 33,
    "language": "C++",
    "languageColor": "#f34b7d",
    "name": "chiaki",
    "stars": 624,
    "url": "https://github.com/thestr4ng3r/chiaki",
  },
  Object {
    "author": "cypress-io",
    "avatar": "https://github.com/cypress-io.png",
    "builtBy": Array [
      Object {
        "avatar": "https://avatars2.githubusercontent.com/u/1268976",
        "href": "https://github.com/brian-mann",
        "username": "brian-mann",
      },
      Object {
        "avatar": "https://avatars1.githubusercontent.com/u/1157043",
        "href": "https://github.com/chrisbreiding",
        "username": "chrisbreiding",
      },
      Object {
        "avatar": "https://avatars0.githubusercontent.com/u/2212006",
        "href": "https://github.com/bahmutov",
        "username": "bahmutov",
      },
      Object {
        "avatar": "https://avatars0.githubusercontent.com/u/1271364",
        "href": "https://github.com/jennifer-shehane",
        "username": "jennifer-shehane",
      },
    ],
    "currentPeriodStars": 17,
    "description": "Fast, easy and reliable testing for anything that runs in a browser.",
    "forks": 812,
    "language": "CoffeeScript",
    "languageColor": "#244776",
    "name": "cypress",
    "stars": 14862,
    "url": "https://github.com/cypress-io/cypress",
  },
  Object {
    "author": "abhat222",
    "avatar": "https://github.com/abhat222.png",
    "builtBy": Array [
      Object {
        "avatar": "https://avatars3.githubusercontent.com/u/46282114",
        "href": "https://github.com/abhat222",
        "username": "abhat222",
      },
      Object {
        "avatar": "https://avatars0.githubusercontent.com/u/33874837",
        "href": "https://github.com/moovs",
        "username": "moovs",
      },
    ],
    "currentPeriodStars": 46,
    "description": "Cheat Sheets",
    "forks": 5004,
    "name": "Data-Science--Cheat-Sheet",
    "stars": 11408,
    "url": "https://github.com/abhat222/Data-Science--Cheat-Sheet",
  },
  Object {
    "author": "flutter",
    "avatar": "https://github.com/flutter.png",
    "builtBy": Array [
      Object {
        "avatar": "https://avatars3.githubusercontent.com/u/112007",
        "href": "https://github.com/abarth",
        "username": "abarth",
      },
      Object {
        "avatar": "https://avatars1.githubusercontent.com/u/551196",
        "href": "https://github.com/Hixie",
        "username": "Hixie",
      },
      Object {
        "avatar": "https://avatars0.githubusercontent.com/u/42042535",
        "href": "https://github.com/engine-flutter-autoroll",
        "username": "engine-flutter-autoroll",
      },
      Object {
        "avatar": "https://avatars0.githubusercontent.com/u/1377460",
        "href": "https://github.com/HansMuller",
        "username": "HansMuller",
      },
      Object {
        "avatar": "https://avatars2.githubusercontent.com/u/8975114",
        "href": "https://github.com/jonahwilliams",
        "username": "jonahwilliams",
      },
    ],
    "currentPeriodStars": 80,
    "description": "Flutter makes it easy and fast to build beautiful mobile apps.",
    "forks": 9434,
    "language": "Dart",
    "languageColor": "#00B4AB",
    "name": "flutter",
    "stars": 76261,
    "url": "https://github.com/flutter/flutter",
  },
  Object {
    "author": "CyberMonitor",
    "avatar": "https://github.com/CyberMonitor.png",
    "builtBy": Array [
      Object {
        "avatar": "https://avatars3.githubusercontent.com/u/25700462",
        "href": "https://github.com/CyberMonitor",
        "username": "CyberMonitor",
      },
      Object {
        "avatar": "https://avatars1.githubusercontent.com/u/38533530",
        "href": "https://github.com/alp809",
        "username": "alp809",
      },
    ],
    "currentPeriodStars": 19,
    "description": "APT & CyberCriminal Campaign Collection",
    "forks": 369,
    "language": "YARA",
    "languageColor": "#220000",
    "name": "APT_CyberCriminal_Campagin_Collections",
    "stars": 1261,
    "url": "https://github.com/CyberMonitor/APT_CyberCriminal_Campagin_Collections",
  },
  Object {
    "author": "r-argentina-programa",
    "avatar": "https://github.com/r-argentina-programa.png",
    "builtBy": Array [
      Object {
        "avatar": "https://avatars1.githubusercontent.com/u/844181",
        "href": "https://github.com/fsodano",
        "username": "fsodano",
      },
      Object {
        "avatar": "https://avatars1.githubusercontent.com/u/4750371",
        "href": "https://github.com/vmalvaro",
        "username": "vmalvaro",
      },
    ],
    "currentPeriodStars": 11,
    "description": "",
    "forks": 14,
    "language": "JavaScript",
    "languageColor": "#f1e05a",
    "name": "introduccion-a-js",
    "stars": 34,
    "url": "https://github.com/r-argentina-programa/introduccion-a-js",
  },
  Object {
    "author": "nvbn",
    "avatar": "https://github.com/nvbn.png",
    "builtBy": Array [
      Object {
        "avatar": "https://avatars2.githubusercontent.com/u/1114542",
        "href": "https://github.com/nvbn",
        "username": "nvbn",
      },
      Object {
        "avatar": "https://avatars2.githubusercontent.com/u/3751788",
        "href": "https://github.com/mcarton",
        "username": "mcarton",
      },
      Object {
        "avatar": "https://avatars2.githubusercontent.com/u/2112697",
        "href": "https://github.com/scorphus",
        "username": "scorphus",
      },
      Object {
        "avatar": "https://avatars1.githubusercontent.com/u/6473925",
        "href": "https://github.com/josephfrazier",
        "username": "josephfrazier",
      },
      Object {
        "avatar": "https://avatars0.githubusercontent.com/u/142099",
        "href": "https://github.com/mlk",
        "username": "mlk",
      },
    ],
    "currentPeriodStars": 202,
    "description": "Magnificent app which corrects your previous console command.",
    "forks": 2356,
    "language": "Python",
    "languageColor": "#3572A5",
    "name": "thefuck",
    "stars": 48126,
    "url": "https://github.com/nvbn/thefuck",
  },
  Object {
    "author": "ocornut",
    "avatar": "https://github.com/ocornut.png",
    "builtBy": Array [
      Object {
        "avatar": "https://avatars3.githubusercontent.com/u/8225057",
        "href": "https://github.com/ocornut",
        "username": "ocornut",
      },
      Object {
        "avatar": "https://avatars1.githubusercontent.com/u/814772",
        "href": "https://github.com/bkaradzic",
        "username": "bkaradzic",
      },
      Object {
        "avatar": "https://avatars3.githubusercontent.com/u/5081921",
        "href": "https://github.com/septag",
        "username": "septag",
      },
      Object {
        "avatar": "https://avatars2.githubusercontent.com/u/178582",
        "href": "https://github.com/waywardmonkeys",
        "username": "waywardmonkeys",
      },
      Object {
        "avatar": "https://avatars0.githubusercontent.com/u/1482313",
        "href": "https://github.com/ParticlePeter",
        "username": "ParticlePeter",
      },
    ],
    "currentPeriodStars": 57,
    "description": "Dear ImGui: Bloat-free Immediate Mode Graphical User interface for C++ with minimal dependencies",
    "forks": 2677,
    "language": "C++",
    "languageColor": "#f34b7d",
    "name": "imgui",
    "stars": 16983,
    "url": "https://github.com/ocornut/imgui",
  },
  Object {
    "author": "unisonweb",
    "avatar": "https://github.com/unisonweb.png",
    "builtBy": Array [
      Object {
        "avatar": "https://avatars3.githubusercontent.com/u/11074",
        "href": "https://github.com/pchiusano",
        "username": "pchiusano",
      },
      Object {
        "avatar": "https://avatars3.githubusercontent.com/u/538571",
        "href": "https://github.com/aryairani",
        "username": "aryairani",
      },
      Object {
        "avatar": "https://avatars2.githubusercontent.com/u/130916",
        "href": "https://github.com/runarorama",
        "username": "runarorama",
      },
      Object {
        "avatar": "https://avatars2.githubusercontent.com/u/21991324",
        "href": "https://github.com/atacratic",
        "username": "atacratic",
      },
      Object {
        "avatar": "https://avatars2.githubusercontent.com/u/415542",
        "href": "https://github.com/sfultong",
        "username": "sfultong",
      },
    ],
    "currentPeriodStars": 57,
    "description": "Next generation programming language, currently in development",
    "forks": 105,
    "language": "Haskell",
    "languageColor": "#5e5086",
    "name": "unison",
    "stars": 2484,
    "url": "https://github.com/unisonweb/unison",
  },
  Object {
    "author": "OWASP",
    "avatar": "https://github.com/OWASP.png",
    "builtBy": Array [
      Object {
        "avatar": "https://avatars0.githubusercontent.com/u/1573775",
        "href": "https://github.com/righettod",
        "username": "righettod",
      },
      Object {
        "avatar": "https://avatars3.githubusercontent.com/u/35339942",
        "href": "https://github.com/mackowski",
        "username": "mackowski",
      },
      Object {
        "avatar": "https://avatars3.githubusercontent.com/u/32433575",
        "href": "https://github.com/ThunderSon",
        "username": "ThunderSon",
      },
      Object {
        "avatar": "https://avatars2.githubusercontent.com/u/3534212",
        "href": "https://github.com/rbsec",
        "username": "rbsec",
      },
      Object {
        "avatar": "https://avatars0.githubusercontent.com/u/3357202",
        "href": "https://github.com/danehrlich1",
        "username": "danehrlich1",
      },
    ],
    "currentPeriodStars": 74,
    "description": "The OWASP Cheat Sheet Series was created to provide a concise collection of high value information on specific application security topics.",
    "forks": 1271,
    "language": "Python",
    "languageColor": "#3572A5",
    "name": "CheatSheetSeries",
    "stars": 9270,
    "url": "https://github.com/OWASP/CheatSheetSeries",
  },
  Object {
    "author": "jung-kurt",
    "avatar": "https://github.com/jung-kurt.png",
    "builtBy": Array [
      Object {
        "avatar": "https://avatars1.githubusercontent.com/u/5148839",
        "href": "https://github.com/jung-kurt",
        "username": "jung-kurt",
      },
      Object {
        "avatar": "https://avatars3.githubusercontent.com/u/2178409",
        "href": "https://github.com/stanim",
        "username": "stanim",
      },
      Object {
        "avatar": "https://avatars3.githubusercontent.com/u/815655",
        "href": "https://github.com/jelmersnoeck",
        "username": "jelmersnoeck",
      },
      Object {
        "avatar": "https://avatars2.githubusercontent.com/u/11187741",
        "href": "https://github.com/joewestcott",
        "username": "joewestcott",
      },
      Object {
        "avatar": "https://avatars1.githubusercontent.com/u/9847418",
        "href": "https://github.com/Eiskasten",
        "username": "Eiskasten",
      },
    ],
    "currentPeriodStars": 19,
    "description": "A PDF document generator with high level support for text, drawing and images",
    "forks": 309,
    "language": "Go",
    "languageColor": "#00ADD8",
    "name": "gofpdf",
    "stars": 3228,
    "url": "https://github.com/jung-kurt/gofpdf",
  },
  Object {
    "author": "Azure",
    "avatar": "https://github.com/Azure.png",
    "builtBy": Array [
      Object {
        "avatar": "https://avatars0.githubusercontent.com/u/10090014",
        "href": "https://github.com/bmoore-msft",
        "username": "bmoore-msft",
      },
      Object {
        "avatar": "https://avatars0.githubusercontent.com/u/6164178",
        "href": "https://github.com/singhkays",
        "username": "singhkays",
      },
      Object {
        "avatar": "https://avatars3.githubusercontent.com/u/12481340",
        "href": "https://github.com/marcvaneijk",
        "username": "marcvaneijk",
      },
      Object {
        "avatar": "https://avatars2.githubusercontent.com/u/1448593",
        "href": "https://github.com/gatneil",
        "username": "gatneil",
      },
      Object {
        "avatar": "https://avatars3.githubusercontent.com/u/1184120",
        "href": "https://github.com/liupeirong",
        "username": "liupeirong",
      },
    ],
    "currentPeriodStars": 6,
    "description": "Azure Quickstart Templates",
    "forks": 8400,
    "language": "PowerShell",
    "languageColor": "#012456",
    "name": "azure-quickstart-templates",
    "stars": 5814,
    "url": "https://github.com/Azure/azure-quickstart-templates",
  },
]
`;
